Archive member included to satisfy reference by file (symbol)

C:/ST/STM32CubeIDE_1.15.1/STM32CubeIDE/plugins/com.st.stm32cube.ide.mcu.externaltools.gnu-tools-for-stm32.12.3.rel1.win32_1.1.0.202410251130/tools/bin/../lib/gcc/arm-none-eabi/12.3.1/../../../../arm-none-eabi/lib/thumb/v7e-m+fp/hard\libc_nano.a(libc_a-exit.o)
                              C:/ST/STM32CubeIDE_1.15.1/STM32CubeIDE/plugins/com.st.stm32cube.ide.mcu.externaltools.gnu-tools-for-stm32.12.3.rel1.win32_1.1.0.202410251130/tools/bin/../lib/gcc/arm-none-eabi/12.3.1/../../../../arm-none-eabi/lib/thumb/v7e-m+fp/hard/crt0.o (exit)
C:/ST/STM32CubeIDE_1.15.1/STM32CubeIDE/plugins/com.st.stm32cube.ide.mcu.externaltools.gnu-tools-for-stm32.12.3.rel1.win32_1.1.0.202410251130/tools/bin/../lib/gcc/arm-none-eabi/12.3.1/../../../../arm-none-eabi/lib/thumb/v7e-m+fp/hard\libc_nano.a(libc_a-findfp.o)
                              C:/ST/STM32CubeIDE_1.15.1/STM32CubeIDE/plugins/com.st.stm32cube.ide.mcu.externaltools.gnu-tools-for-stm32.12.3.rel1.win32_1.1.0.202410251130/tools/bin/../lib/gcc/arm-none-eabi/12.3.1/../../../../arm-none-eabi/lib/thumb/v7e-m+fp/hard\libc_nano.a(libc_a-exit.o) (__stdio_exit_handler)
C:/ST/STM32CubeIDE_1.15.1/STM32CubeIDE/plugins/com.st.stm32cube.ide.mcu.externaltools.gnu-tools-for-stm32.12.3.rel1.win32_1.1.0.202410251130/tools/bin/../lib/gcc/arm-none-eabi/12.3.1/../../../../arm-none-eabi/lib/thumb/v7e-m+fp/hard\libc_nano.a(libc_a-fwalk.o)
                              C:/ST/STM32CubeIDE_1.15.1/STM32CubeIDE/plugins/com.st.stm32cube.ide.mcu.externaltools.gnu-tools-for-stm32.12.3.rel1.win32_1.1.0.202410251130/tools/bin/../lib/gcc/arm-none-eabi/12.3.1/../../../../arm-none-eabi/lib/thumb/v7e-m+fp/hard\libc_nano.a(libc_a-findfp.o) (_fwalk_sglue)
C:/ST/STM32CubeIDE_1.15.1/STM32CubeIDE/plugins/com.st.stm32cube.ide.mcu.externaltools.gnu-tools-for-stm32.12.3.rel1.win32_1.1.0.202410251130/tools/bin/../lib/gcc/arm-none-eabi/12.3.1/../../../../arm-none-eabi/lib/thumb/v7e-m+fp/hard\libc_nano.a(libc_a-stdio.o)
                              C:/ST/STM32CubeIDE_1.15.1/STM32CubeIDE/plugins/com.st.stm32cube.ide.mcu.externaltools.gnu-tools-for-stm32.12.3.rel1.win32_1.1.0.202410251130/tools/bin/../lib/gcc/arm-none-eabi/12.3.1/../../../../arm-none-eabi/lib/thumb/v7e-m+fp/hard\libc_nano.a(libc_a-findfp.o) (__sread)
C:/ST/STM32CubeIDE_1.15.1/STM32CubeIDE/plugins/com.st.stm32cube.ide.mcu.externaltools.gnu-tools-for-stm32.12.3.rel1.win32_1.1.0.202410251130/tools/bin/../lib/gcc/arm-none-eabi/12.3.1/../../../../arm-none-eabi/lib/thumb/v7e-m+fp/hard\libc_nano.a(libc_a-memset.o)
                              C:/ST/STM32CubeIDE_1.15.1/STM32CubeIDE/plugins/com.st.stm32cube.ide.mcu.externaltools.gnu-tools-for-stm32.12.3.rel1.win32_1.1.0.202410251130/tools/bin/../lib/gcc/arm-none-eabi/12.3.1/../../../../arm-none-eabi/lib/thumb/v7e-m+fp/hard/crt0.o (memset)
C:/ST/STM32CubeIDE_1.15.1/STM32CubeIDE/plugins/com.st.stm32cube.ide.mcu.externaltools.gnu-tools-for-stm32.12.3.rel1.win32_1.1.0.202410251130/tools/bin/../lib/gcc/arm-none-eabi/12.3.1/../../../../arm-none-eabi/lib/thumb/v7e-m+fp/hard\libc_nano.a(libc_a-closer.o)
                              C:/ST/STM32CubeIDE_1.15.1/STM32CubeIDE/plugins/com.st.stm32cube.ide.mcu.externaltools.gnu-tools-for-stm32.12.3.rel1.win32_1.1.0.202410251130/tools/bin/../lib/gcc/arm-none-eabi/12.3.1/../../../../arm-none-eabi/lib/thumb/v7e-m+fp/hard\libc_nano.a(libc_a-stdio.o) (_close_r)
C:/ST/STM32CubeIDE_1.15.1/STM32CubeIDE/plugins/com.st.stm32cube.ide.mcu.externaltools.gnu-tools-for-stm32.12.3.rel1.win32_1.1.0.202410251130/tools/bin/../lib/gcc/arm-none-eabi/12.3.1/../../../../arm-none-eabi/lib/thumb/v7e-m+fp/hard\libc_nano.a(libc_a-reent.o)
                              C:/ST/STM32CubeIDE_1.15.1/STM32CubeIDE/plugins/com.st.stm32cube.ide.mcu.externaltools.gnu-tools-for-stm32.12.3.rel1.win32_1.1.0.202410251130/tools/bin/../lib/gcc/arm-none-eabi/12.3.1/../../../../arm-none-eabi/lib/thumb/v7e-m+fp/hard\libc_nano.a(libc_a-closer.o) (errno)
C:/ST/STM32CubeIDE_1.15.1/STM32CubeIDE/plugins/com.st.stm32cube.ide.mcu.externaltools.gnu-tools-for-stm32.12.3.rel1.win32_1.1.0.202410251130/tools/bin/../lib/gcc/arm-none-eabi/12.3.1/../../../../arm-none-eabi/lib/thumb/v7e-m+fp/hard\libc_nano.a(libc_a-impure.o)
                              C:/ST/STM32CubeIDE_1.15.1/STM32CubeIDE/plugins/com.st.stm32cube.ide.mcu.externaltools.gnu-tools-for-stm32.12.3.rel1.win32_1.1.0.202410251130/tools/bin/../lib/gcc/arm-none-eabi/12.3.1/../../../../arm-none-eabi/lib/thumb/v7e-m+fp/hard\libc_nano.a(libc_a-reent.o) (_impure_ptr)
C:/ST/STM32CubeIDE_1.15.1/STM32CubeIDE/plugins/com.st.stm32cube.ide.mcu.externaltools.gnu-tools-for-stm32.12.3.rel1.win32_1.1.0.202410251130/tools/bin/../lib/gcc/arm-none-eabi/12.3.1/../../../../arm-none-eabi/lib/thumb/v7e-m+fp/hard\libc_nano.a(libc_a-lseekr.o)
[...]
Memory Configuration

Name             Origin             Length             Attributes
FLASH            0x08100000         0x00100000         xr
RAM              0x10000000         0x00048000         xrw
*default*        0x00000000         0xffffffff

Linker script and memory map

LOAD C:/ST/STM32CubeIDE_1.15.1/STM32CubeIDE/plugins/com.st.stm32cube.ide.mcu.externaltools.gnu-tools-for-stm32.12.3.rel1.win32_1.1.0.202410251130/tools/bin/../lib/gcc/arm-none-eabi/12.3.1/thumb/v7e-m+fp/hard/crti.o
LOAD C:/ST/STM32CubeIDE_1.15.1/STM32CubeIDE/plugins/com.st.stm32cube.ide.mcu.externaltools.gnu-tools-for-stm32.12.3.rel1.win32_1.1.0.202410251130/tools/bin/../lib/gcc/arm-none-eabi/12.3.1/thumb/v7e-m+fp/hard/crtbegin.o
LOAD C:/ST/STM32CubeIDE_1.15.1/STM32CubeIDE/plugins/com.st.stm32cube.ide.mcu.externaltools.gnu-tools-for-stm32.12.3.rel1.win32_1.1.0.202410251130/tools/bin/../lib/gcc/arm-none-eabi/12.3.1/../../../../arm-none-eabi/lib/thumb/v7e-m+fp/hard/crt0.o
LOAD ./Drivers/BSP/STM32H745I_Nucleo/stm32h7xx_nucleo.o
LOAD ./Drivers/CMSIS/system_stm32h7xx.o
LOAD ./Drivers/STM32H7xx_HAL_Driver/stm32h7xx_hal.o
LOAD ./Drivers/STM32H7xx_HAL_Driver/stm32h7xx_hal_adc.o
LOAD ./Drivers/STM32H7xx_HAL_Driver/stm32h7xx_hal_adc_ex.o
LOAD ./Drivers/STM32H7xx_HAL_Driver/stm32h7xx_hal_cortex.o
LOAD ./Drivers/STM32H7xx_HAL_Driver/stm32h7xx_hal_dma.o
LOAD ./Drivers/STM32H7xx_HAL_Driver/stm32h7xx_hal_dma_ex.o
LOAD ./Drivers/STM32H7xx_HAL_Driver/stm32h7xx_hal_exti.o
LOAD ./Drivers/STM32H7xx_HAL_Driver/stm32h7xx_hal_gpio.o
LOAD ./Drivers/STM32H7xx_HAL_Driver/stm32h7xx_hal_hsem.o
LOAD ./Drivers/STM32H7xx_HAL_Driver/stm32h7xx_hal_i2c.o
LOAD ./Drivers/STM32H7xx_HAL_Driver/stm32h7xx_hal_i2c_ex.o
LOAD ./Drivers/STM32H7xx_HAL_Driver/stm32h7xx_hal_pwr.o
LOAD ./Drivers/STM32H7xx_HAL_Driver/stm32h7xx_hal_pwr_ex.o
LOAD ./Drivers/STM32H7xx_HAL_Driver/stm32h7xx_hal_rcc.o
LOAD ./Drivers/STM32H7xx_HAL_Driver/stm32h7xx_hal_rcc_ex.o
LOAD ./Drivers/STM32H7xx_HAL_Driver/stm32h7xx_hal_uart.o
LOAD ./Drivers/STM32H7xx_HAL_Driver/stm32h7xx_hal_uart_ex.o
LOAD ./Example/User/CM4/main.o
LOAD ./Example/User/CM4/stm32h7xx_it.o
LOAD ./Example/User/CM4/syscalls.o
LOAD ./Example/User/CM4/sysmem.o
LOAD ./Example/User/Startup/startup_stm32h745zitx.o
START GROUP
LOAD C:/ST/STM32CubeIDE_1.15.1/STM32CubeIDE/plugins/com.st.stm32cube.ide.mcu.externaltools.gnu-tools-for-stm32.12.3.rel1.win32_1.1.0.202410251130/tools/bin/../lib/gcc/arm-none-eabi/12.3.1/../../../../arm-none-eabi/lib/thumb/v7e-m+fp/hard\libc_nano.a
LOAD C:/ST/STM32CubeIDE_1.15.1/STM32CubeIDE/plugins/com.st.stm32cube.ide.mcu.externaltools.gnu-tools-for-stm32.12.3.rel1.win32_1.1.0.202410251130/tools/bin/../lib/gcc/arm-none-eabi/12.3.1/../../../../arm-none-eabi/lib/thumb/v7e-m+fp/hard\libm.a
END GROUP
START GROUP
LOAD C:/ST/STM32CubeIDE_1.15.1/STM32CubeIDE/plugins/com.st.stm32cube.ide.mcu.externaltools.gnu-tools-for-stm32.12.3.rel1.win32_1.1.0.202410251130/tools/bin/../lib/gcc/arm-none-eabi/12.3.1/thumb/v7e-m+fp/hard\libgcc.a
LOAD C:/ST/STM32CubeIDE_1.15.1/STM32CubeIDE/plugins/com.st.stm32cube.ide.mcu.externaltools.gnu-tools-for-stm32.12.3.rel1.win32_1.1.0.202410251130/tools/bin/../lib/gcc/arm-none-eabi/12.3.1/../../../../arm-none-eabi/lib/thumb/v7e-m+fp/hard\libc_nano.a
END GROUP
START GROUP
LOAD C:/ST/STM32CubeIDE_1.15.1/STM32CubeIDE/plugins/com.st.stm32cube.ide.mcu.externaltools.gnu-tools-for-stm32.12.3.rel1.win32_1.1.0.202410251130/tools/bin/../lib/gcc/arm-none-eabi/12.3.1/thumb/v7e-m+fp/hard\libgcc.a
LOAD C:/ST/STM32CubeIDE_1.15.1/STM32CubeIDE/plugins/com.st.stm32cube.ide.mcu.externaltools.gnu-tools-for-stm32.12.3.rel1.win32_1.1.0.202410251130/tools/bin/../lib/gcc/arm-none-eabi/12.3.1/../../../../arm-none-eabi/lib/thumb/v7e-m+fp/hard\libc_nano.a
LOAD C:/ST/STM32CubeIDE_1.15.1/STM32CubeIDE/plugins/com.st.stm32cube.ide.mcu.externaltools.gnu-tools-for-stm32.12.3.rel1.win32_1.1.0.202410251130/tools/bin/../lib/gcc/arm-none-eabi/12.3.1/../../../../arm-none-eabi/lib/thumb/v7e-m+fp/hard\libnosys.a
END GROUP
START GROUP
LOAD C:/ST/STM32CubeIDE_1.15.1/STM32CubeIDE/plugins/com.st.stm32cube.ide.mcu.externaltools.gnu-tools-for-stm32.12.3.rel1.win32_1.1.0.202410251130/tools/bin/../lib/gcc/arm-none-eabi/12.3.1/thumb/v7e-m+fp/hard\libgcc.a
LOAD C:/ST/STM32CubeIDE_1.15.1/STM32CubeIDE/plugins/com.st.stm32cube.ide.mcu.externaltools.gnu-tools-for-stm32.12.3.rel1.win32_1.1.0.202410251130/tools/bin/../lib/gcc/arm-none-eabi/12.3.1/../../../../arm-none-eabi/lib/thumb/v7e-m+fp/hard\libc_nano.a
LOAD C:/ST/STM32CubeIDE_1.15.1/STM32CubeIDE/plugins/com.st.stm32cube.ide.mcu.externaltools.gnu-tools-for-stm32.12.3.rel1.win32_1.1.0.202410251130/tools/bin/../lib/gcc/arm-none-eabi/12.3.1/../../../../arm-none-eabi/lib/thumb/v7e-m+fp/hard\libnosys.a
END GROUP
LOAD C:/ST/STM32CubeIDE_1.15.1/STM32CubeIDE/plugins/com.st.stm32cube.ide.mcu.externaltools.gnu-tools-for-stm32.12.3.rel1.win32_1.1.0.202410251130/tools/bin/../lib/gcc/arm-none-eabi/12.3.1/thumb/v7e-m+fp/hard/crtend.o
LOAD C:/ST/STM32CubeIDE_1.15.1/STM32CubeIDE/plugins/com.st.stm32cube.ide.mcu.externaltools.gnu-tools-for-stm32.12.3.rel1.win32_1.1.0.202410251130/tools/bin/../lib/gcc/arm-none-eabi/12.3.1/thumb/v7e-m+fp/hard/crtn.o
                0x10048000                        _estack = 0x10048000
                0x00000200                        _Min_Heap_Size = 0x200
                0x00000400                        _Min_Stack_Size = 0x400

.isr_vector     0x08100000      0x298
                0x08100000                        . = ALIGN (0x4)
 *(.isr_vector)
 .isr_vector    0x08100000      0x298 ./Example/User/Startup/startup_stm32h745zitx.o
                0x08100000                g_pfnVectors
                0x08100298                        . = ALIGN (0x4)

.text           0x08100298      0xf94
                0x08100298                        . = ALIGN (0x4)
 *(.text)
 .text          0x08100298       0x40 C:/ST/STM32CubeIDE_1.15.1/STM32CubeIDE/plugins/com.st.stm32cube.ide.mcu.externaltools.gnu-tools-for-stm32.12.3.rel1.win32_1.1.0.202410251130/tools/bin/../lib/gcc/arm-none-eabi/12.3.1/thumb/v7e-m+fp/hard/crtbegin.o
 *(.text*)
 .text.BSP_LED_Init
                0x081002d8       0xec ./Drivers/BSP/STM32H745I_Nucleo/stm32h7xx_nucleo.o
                0x081002d8                BSP_LED_Init
 .text.BSP_LED_Toggle
                0x081003c4       0x54 ./Drivers/BSP/STM32H745I_Nucleo/stm32h7xx_nucleo.o
                0x081003c4                BSP_LED_Toggle
 .text.SystemInit
                0x08100418       0x38 ./Drivers/CMSIS/system_stm32h7xx.o
                0x08100418                SystemInit
 .text.ExitRun0Mode
                0x08100450       0x30 ./Drivers/CMSIS/system_stm32h7xx.o
                0x08100450                ExitRun0Mode
 .text.HAL_Init
                0x08100480       0xbc ./Drivers/STM32H7xx_HAL_Driver/stm32h7xx_hal.o
                0x08100480                HAL_Init
 .text.HAL_MspInit
                0x0810053c        0xe ./Drivers/STM32H7xx_HAL_Driver/stm32h7xx_hal.o
                0x0810053c                HAL_MspInit
 *fill*         0x0810054a        0x2 
 .text.HAL_InitTick
                0x0810054c       0x6c ./Drivers/STM32H7xx_HAL_Driver/stm32h7xx_hal.o
                0x0810054c                HAL_InitTick
 .text.HAL_IncTick
                0x081005b8       0x28 ./Drivers/STM32H7xx_HAL_Driver/stm32h7xx_hal.o
                0x081005b8                HAL_IncTick
 .text.__NVIC_SetPriorityGrouping
                0x081005e0       0x48 ./Drivers/STM32H7xx_HAL_Driver/stm32h7xx_hal_cortex.o
 .text.__NVIC_GetPriorityGrouping
                0x08100628       0x1c ./Drivers/STM32H7xx_HAL_Driver/stm32h7xx_hal_cortex.o
 .text.__NVIC_EnableIRQ
                0x08100644       0x3c ./Drivers/STM32H7xx_HAL_Driver/stm32h7xx_hal_cortex.o
 .text.__NVIC_SetPriority
                0x08100680       0x54 ./Drivers/STM32H7xx_HAL_Driver/stm32h7xx_hal_cortex.o
 .text.NVIC_EncodePriority
                0x081006d4       0x66 ./Drivers/STM32H7xx_HAL_Driver/stm32h7xx_hal_cortex.o
 *fill*         0x0810073a        0x2 
 .text.SysTick_Config
                0x0810073c       0x44 ./Drivers/STM32H7xx_HAL_Driver/stm32h7xx_hal_cortex.o
 .text.HAL_NVIC_SetPriorityGrouping
                0x08100780       0x16 ./Drivers/STM32H7xx_HAL_Driver/stm32h7xx_hal_cortex.o
                0x08100780                HAL_NVIC_SetPriorityGrouping
 .text.HAL_NVIC_SetPriority
                0x08100796       0x34 ./Drivers/STM32H7xx_HAL_Driver/stm32h7xx_hal_cortex.o
                0x08100796                HAL_NVIC_SetPriority
 .text.HAL_NVIC_EnableIRQ
                0x081007ca       0x1c ./Drivers/STM32H7xx_HAL_Driver/stm32h7xx_hal_cortex.o
                0x081007ca                HAL_NVIC_EnableIRQ
 .text.HAL_SYSTICK_Config
                0x081007e6       0x18 ./Drivers/STM32H7xx_HAL_Driver/stm32h7xx_hal_cortex.o
                0x081007e6                HAL_SYSTICK_Config
 *fill*         0x081007fe        0x2 
 .text.HAL_GetCurrentCPUID
                0x08100800       0x28 ./Drivers/STM32H7xx_HAL_Driver/stm32h7xx_hal_cortex.o
                0x08100800                HAL_GetCurrentCPUID
 .text.HAL_GPIO_Init
                0x08100828      0x360 ./Drivers/STM32H7xx_HAL_Driver/stm32h7xx_hal_gpio.o
                0x08100828                HAL_GPIO_Init
 .text.HAL_GPIO_WritePin
                0x08100b88       0x32 ./Drivers/STM32H7xx_HAL_Driver/stm32h7xx_hal_gpio.o
                0x08100b88                HAL_GPIO_WritePin
 .text.HAL_GPIO_TogglePin
                0x08100bba       0x34 ./Drivers/STM32H7xx_HAL_Driver/stm32h7xx_hal_gpio.o
                0x08100bba                HAL_GPIO_TogglePin
 .text.HAL_GPIO_EXTI_IRQHandler
                0x08100bee       0x34 ./Drivers/STM32H7xx_HAL_Driver/stm32h7xx_hal_gpio.o
                0x08100bee                HAL_GPIO_EXTI_IRQHandler
 *fill*         0x08100c22        0x2 
 .text.HAL_HSEM_ActivateNotification
                0x08100c24       0x24 ./Drivers/STM32H7xx_HAL_Driver/stm32h7xx_hal_hsem.o
                0x08100c24                HAL_HSEM_ActivateNotification
 .text.HAL_PWREx_EnterSTOPMode
                0x08100c48       0xf4 ./Drivers/STM32H7xx_HAL_Driver/stm32h7xx_hal_pwr_ex.o
                0x08100c48                HAL_PWREx_EnterSTOPMode
 .text.HAL_PWREx_ClearPendingEvent
                0x08100d3c       0x1a ./Drivers/STM32H7xx_HAL_Driver/stm32h7xx_hal_pwr_ex.o
                0x08100d3c                HAL_PWREx_ClearPendingEvent
 *fill*         0x08100d56        0x2 
 .text.HAL_RCC_GetSysClockFreq
                0x08100d58      0x2f4 ./Drivers/STM32H7xx_HAL_Driver/stm32h7xx_hal_rcc.o
                0x08100d58                HAL_RCC_GetSysClockFreq
 .text.main     0x0810104c       0x94 ./Example/User/CM4/main.o
                0x0810104c                main
 .text.HAL_GPIO_EXTI_Callback
                0x081010e0       0x20 ./Example/User/CM4/main.o
                0x081010e0                HAL_GPIO_EXTI_Callback
 .text.NMI_Handler
                0x08101100        0xe ./Example/User/CM4/stm32h7xx_it.o
                0x08101100                NMI_Handler
 .text.HardFault_Handler
                0x0810110e        0x8 ./Example/User/CM4/stm32h7xx_it.o
                0x0810110e                HardFault_Handler
 .text.MemManage_Handler
                0x08101116        0x8 ./Example/User/CM4/stm32h7xx_it.o
                0x08101116                MemManage_Handler
 .text.BusFault_Handler
                0x0810111e        0x8 ./Example/User/CM4/stm32h7xx_it.o
                0x0810111e                BusFault_Handler
 .text.UsageFault_Handler
                0x08101126        0x8 ./Example/User/CM4/stm32h7xx_it.o
                0x08101126                UsageFault_Handler
 .text.SVC_Handler
                0x0810112e        0xe ./Example/User/CM4/stm32h7xx_it.o
                0x0810112e                SVC_Handler
 .text.DebugMon_Handler
                0x0810113c        0xe ./Example/User/CM4/stm32h7xx_it.o
                0x0810113c                DebugMon_Handler
 .text.PendSV_Handler
                0x0810114a        0xe ./Example/User/CM4/stm32h7xx_it.o
                0x0810114a                PendSV_Handler
 .text.SysTick_Handler
                0x08101158        0xc ./Example/User/CM4/stm32h7xx_it.o
                0x08101158                SysTick_Handler
 .text.EXTI15_10_IRQHandler
                0x08101164       0x10 ./Example/User/CM4/stm32h7xx_it.o
                0x08101164                EXTI15_10_IRQHandler
 .text.Reset_Handler
                0x08101174       0x54 ./Example/User/Startup/startup_stm32h745zitx.o
                0x08101174                Reset_Handler
 .text.Default_Handler
                0x081011c8        0x2 ./Example/User/Startup/startup_stm32h745zitx.o
                0x081011c8                RTC_Alarm_IRQHandler
                0x081011c8                EXTI2_IRQHandler
                0x081011c8                TIM8_CC_IRQHandler
                0x081011c8                HRTIM1_Master_IRQHandler
                0x081011c8                UART8_IRQHandler
                0x081011c8                SPI4_IRQHandler
                0x081011c8                TIM1_CC_IRQHandler
                0x081011c8                BDMA_Channel6_IRQHandler
                0x081011c8                DMA2_Stream5_IRQHandler
                0x081011c8                HRTIM1_FLT_IRQHandler
                0x081011c8                JPEG_IRQHandler
                0x081011c8                DMA1_Stream5_IRQHandler
                0x081011c8                BDMA_Channel1_IRQHandler
                0x081011c8                HRTIM1_TIMD_IRQHandler
                0x081011c8                TAMP_STAMP_IRQHandler
                0x081011c8                EXTI3_IRQHandler
                0x081011c8                LPTIM4_IRQHandler
                0x081011c8                TIM8_TRG_COM_TIM14_IRQHandler
                0x081011c8                LPTIM2_IRQHandler
                0x081011c8                DFSDM1_FLT1_IRQHandler
                0x081011c8                DMAMUX2_OVR_IRQHandler
                0x081011c8                TIM8_UP_TIM13_IRQHandler
                0x081011c8                I2C3_ER_IRQHandler
                0x081011c8                DFSDM1_FLT2_IRQHandler
                0x081011c8                MDMA_IRQHandler
                0x081011c8                LPTIM3_IRQHandler
                0x081011c8                HSEM1_IRQHandler
                0x081011c8                EXTI0_IRQHandler
                0x081011c8                I2C2_EV_IRQHandler
                0x081011c8                DMA1_Stream2_IRQHandler
                0x081011c8                FPU_IRQHandler
                0x081011c8                OTG_HS_WKUP_IRQHandler
                0x081011c8                FDCAN1_IT1_IRQHandler
                0x081011c8                LTDC_ER_IRQHandler
                0x081011c8                DMA2_Stream2_IRQHandler
                0x081011c8                HRTIM1_TIME_IRQHandler
                0x081011c8                SPI1_IRQHandler
                0x081011c8                TIM6_DAC_IRQHandler
                0x081011c8                DCMI_IRQHandler
                0x081011c8                HRTIM1_TIMC_IRQHandler
                0x081011c8                DMA2_Stream3_IRQHandler
                0x081011c8                SAI2_IRQHandler
                0x081011c8                DFSDM1_FLT3_IRQHandler
                0x081011c8                USART6_IRQHandler
                0x081011c8                TIM17_IRQHandler
                0x081011c8                USART3_IRQHandler
                0x081011c8                BDMA_Channel7_IRQHandler
                0x081011c8                LPTIM5_IRQHandler
                0x081011c8                UART5_IRQHandler
                0x081011c8                ADC3_IRQHandler
                0x081011c8                DMA2_Stream0_IRQHandler
                0x081011c8                TIM4_IRQHandler
                0x081011c8                BDMA_Channel2_IRQHandler
                0x081011c8                QUADSPI_IRQHandler
                0x081011c8                I2C1_EV_IRQHandler
                0x081011c8                DMA1_Stream6_IRQHandler
                0x081011c8                DMAMUX1_OVR_IRQHandler
                0x081011c8                DMA1_Stream1_IRQHandler
                0x081011c8                TIM16_IRQHandler
                0x081011c8                UART4_IRQHandler
                0x081011c8                BDMA_Channel5_IRQHandler
                0x081011c8                TIM3_IRQHandler
                0x081011c8                RCC_IRQHandler
                0x081011c8                TIM8_BRK_TIM12_IRQHandler
                0x081011c8                TIM1_TRG_COM_IRQHandler
                0x081011c8                Default_Handler
                0x081011c8                ECC_IRQHandler
                0x081011c8                CEC_IRQHandler
                0x081011c8                BDMA_Channel0_IRQHandler
                0x081011c8                ADC_IRQHandler
                0x081011c8                DMA1_Stream7_IRQHandler
                0x081011c8                HRTIM1_TIMA_IRQHandler
                0x081011c8                SPI5_IRQHandler
                0x081011c8                TIM7_IRQHandler
                0x081011c8                SDMMC1_IRQHandler
                0x081011c8                TIM5_IRQHandler
                0x081011c8                DMA2_Stream7_IRQHandler
                0x081011c8                TIM15_IRQHandler
                0x081011c8                PVD_AVD_IRQHandler
                0x081011c8                I2C3_EV_IRQHandler
                0x081011c8                EXTI9_5_IRQHandler
                0x081011c8                RTC_WKUP_IRQHandler
                0x081011c8                LTDC_IRQHandler
                0x081011c8                SAI3_IRQHandler
                0x081011c8                ETH_WKUP_IRQHandler
                0x081011c8                SPDIF_RX_IRQHandler
                0x081011c8                SPI2_IRQHandler
                0x081011c8                OTG_HS_EP1_IN_IRQHandler
                0x081011c8                DMA1_Stream0_IRQHandler
                0x081011c8                CRS_IRQHandler
                0x081011c8                CM7_SEV_IRQHandler
                0x081011c8                EXTI4_IRQHandler
                0x081011c8                RNG_IRQHandler
                0x081011c8                CM4_SEV_IRQHandler
                0x081011c8                HRTIM1_TIMB_IRQHandler
                0x081011c8                FDCAN2_IT1_IRQHandler
                0x081011c8                ETH_IRQHandler
                0x081011c8                TIM1_UP_IRQHandler
                0x081011c8                WWDG_RST_IRQHandler
                0x081011c8                BDMA_Channel4_IRQHandler
                0x081011c8                OTG_HS_EP1_OUT_IRQHandler
                0x081011c8                WWDG_IRQHandler
                0x081011c8                SPI6_IRQHandler
                0x081011c8                MDIOS_IRQHandler
                0x081011c8                I2C4_EV_IRQHandler
                0x081011c8                FDCAN2_IT0_IRQHandler
                0x081011c8                LPUART1_IRQHandler
                0x081011c8                FDCAN1_IT0_IRQHandler
                0x081011c8                TIM2_IRQHandler
                0x081011c8                OTG_FS_WKUP_IRQHandler
                0x081011c8                OTG_HS_IRQHandler
                0x081011c8                HSEM2_IRQHandler
                0x081011c8                DMA2D_IRQHandler
                0x081011c8                TIM1_BRK_IRQHandler
                0x081011c8                EXTI1_IRQHandler
                0x081011c8                SDMMC2_IRQHandler
                0x081011c8                OTG_FS_EP1_OUT_IRQHandler
                0x081011c8                BDMA_Channel3_IRQHandler
                0x081011c8                HOLD_CORE_IRQHandler
                0x081011c8                UART7_IRQHandler
                0x081011c8                MDIOS_WKUP_IRQHandler
                0x081011c8                USART2_IRQHandler
                0x081011c8                DFSDM1_FLT0_IRQHandler
                0x081011c8                SAI4_IRQHandler
                0x081011c8                I2C2_ER_IRQHandler
                0x081011c8                DMA2_Stream1_IRQHandler
                0x081011c8                FLASH_IRQHandler
                0x081011c8                DMA2_Stream4_IRQHandler
                0x081011c8                USART1_IRQHandler
                0x081011c8                OTG_FS_IRQHandler
                0x081011c8                SPI3_IRQHandler
                0x081011c8                WAKEUP_PIN_IRQHandler
                0x081011c8                DMA1_Stream4_IRQHandler
                0x081011c8                OTG_FS_EP1_IN_IRQHandler
                0x081011c8                I2C1_ER_IRQHandler
                0x081011c8                FMC_IRQHandler
                0x081011c8                FDCAN_CAL_IRQHandler
                0x081011c8                SWPMI1_IRQHandler
                0x081011c8                COMP1_IRQHandler
                0x081011c8                LPTIM1_IRQHandler
                0x081011c8                I2C4_ER_IRQHandler
                0x081011c8                DMA2_Stream6_IRQHandler
                0x081011c8                SAI1_IRQHandler
                0x081011c8                DMA1_Stream3_IRQHandler
 *fill*         0x081011ca        0x2 
 .text.__libc_init_array
                0x081011cc       0x48 C:/ST/STM32CubeIDE_1.15.1/STM32CubeIDE/plugins/com.st.stm32cube.ide.mcu.externaltools.gnu-tools-for-stm32.12.3.rel1.win32_1.1.0.202410251130/tools/bin/../lib/gcc/arm-none-eabi/12.3.1/../../../../arm-none-eabi/lib/thumb/v7e-m+fp/hard\libc_nano.a(libc_a-init.o)
                0x081011cc                __libc_init_array
 *(.glue_7)
 .glue_7        0x08101214        0x0 linker stubs
 *(.glue_7t)
 .glue_7t       0x08101214        0x0 linker stubs
 *(.eh_frame)
 .eh_frame      0x08101214        0x0 C:/ST/STM32CubeIDE_1.15.1/STM32CubeIDE/plugins/com.st.stm32cube.ide.mcu.externaltools.gnu-tools-for-stm32.12.3.rel1.win32_1.1.0.202410251130/tools/bin/../lib/gcc/arm-none-eabi/12.3.1/thumb/v7e-m+fp/hard/crtbegin.o
 *(.init)
 .init          0x08101214        0x4 C:/ST/STM32CubeIDE_1.15.1/STM32CubeIDE/plugins/com.st.stm32cube.ide.mcu.externaltools.gnu-tools-for-stm32.12.3.rel1.win32_1.1.0.202410251130/tools/bin/../lib/gcc/arm-none-eabi/12.3.1/thumb/v7e-m+fp/hard/crti.o
                0x08101214                _init
 .init          0x08101218        0x8 C:/ST/STM32CubeIDE_1.15.1/STM32CubeIDE/plugins/com.st.stm32cube.ide.mcu.externaltools.gnu-tools-for-stm32.12.3.rel1.win32_1.1.0.202410251130/tools/bin/../lib/gcc/arm-none-eabi/12.3.1/thumb/v7e-m+fp/hard/crtn.o
 *(.fini)
 .fini          0x08101220        0x4 C:/ST/STM32CubeIDE_1.15.1/STM32CubeIDE/plugins/com.st.stm32cube.ide.mcu.externaltools.gnu-tools-for-stm32.12.3.rel1.win32_1.1.0.202410251130/tools/bin/../lib/gcc/arm-none-eabi/12.3.1/thumb/v7e-m+fp/hard/crti.o
                0x08101220                _fini
 .fini          0x08101224        0x8 C:/ST/STM32CubeIDE_1.15.1/STM32CubeIDE/plugins/com.st.stm32cube.ide.mcu.externaltools.gnu-tools-for-stm32.12.3.rel1.win32_1.1.0.202410251130/tools/bin/../lib/gcc/arm-none-eabi/12.3.1/thumb/v7e-m+fp/hard/crtn.o
                0x0810122c                        . = ALIGN (0x4)
                0x0810122c                        _etext = .

.vfp11_veneer   0x0810122c        0x0
 .vfp11_veneer  0x0810122c        0x0 linker stubs

.v4_bx          0x0810122c        0x0
 .v4_bx         0x0810122c        0x0 linker stubs

.iplt           0x0810122c        0x0
 .iplt          0x0810122c        0x0 C:/ST/STM32CubeIDE_1.15.1/STM32CubeIDE/plugins/com.st.stm32cube.ide.mcu.externaltools.gnu-tools-for-stm32.12.3.rel1.win32_1.1.0.202410251130/tools/bin/../lib/gcc/arm-none-eabi/12.3.1/thumb/v7e-m+fp/hard/crtbegin.o

.rodata         0x0810122c       0x18
                0x0810122c                        . = ALIGN (0x4)
 *(.rodata)
 *(.rodata*)
 .rodata.LED_PIN
                0x0810122c        0x6 ./Drivers/BSP/STM32H745I_Nucleo/stm32h7xx_nucleo.o
 *fill*         0x08101232        0x2 
 .rodata.D1CorePrescTable
                0x08101234       0x10 ./Drivers/CMSIS/system_stm32h7xx.o
                0x08101234                D1CorePrescTable
                0x08101244                        . = ALIGN (0x4)

.ARM.extab
 *(.ARM.extab* .gnu.linkonce.armextab.*)

.ARM            0x08101244        0x0
                0x08101244                        __exidx_start = .
 *(.ARM.exidx*)
                0x08101244                        __exidx_end = .

.preinit_array  0x08101244        0x0
                0x08101244                        PROVIDE (__preinit_array_start = .)
 *(.preinit_array*)
                0x08101244                        PROVIDE (__preinit_array_end = .)

.init_array     0x08101244        0x4
                0x08101244                        PROVIDE (__init_array_start = .)
 *(SORT_BY_NAME(.init_array.*))
 *(.init_array*)
 .init_array    0x08101244        0x4 C:/ST/STM32CubeIDE_1.15.1/STM32CubeIDE/plugins/com.st.stm32cube.ide.mcu.externaltools.gnu-tools-for-stm32.12.3.rel1.win32_1.1.0.202410251130/tools/bin/../lib/gcc/arm-none-eabi/12.3.1/thumb/v7e-m+fp/hard/crtbegin.o
                0x08101248                        PROVIDE (__init_array_end = .)

.fini_array     0x08101248        0x4
                [!provide]                        PROVIDE (__fini_array_start = .)
 *(SORT_BY_NAME(.fini_array.*))
 *(.fini_array*)
 .fini_array    0x08101248        0x4 C:/ST/STM32CubeIDE_1.15.1/STM32CubeIDE/plugins/com.st.stm32cube.ide.mcu.externaltools.gnu-tools-for-stm32.12.3.rel1.win32_1.1.0.202410251130/tools/bin/../lib/gcc/arm-none-eabi/12.3.1/thumb/v7e-m+fp/hard/crtbegin.o
                [!provide]                        PROVIDE (__fini_array_end = .)
                0x0810124c                        _sidata = LOADADDR (.data)

.rel.dyn        0x0810124c        0x0
 .rel.iplt      0x0810124c        0x0 C:/ST/STM32CubeIDE_1.15.1/STM32CubeIDE/plugins/com.st.stm32cube.ide.mcu.externaltools.gnu-tools-for-stm32.12.3.rel1.win32_1.1.0.202410251130/tools/bin/../lib/gcc/arm-none-eabi/12.3.1/thumb/v7e-m+fp/hard/crtbegin.o

.data           0x10000000       0x1c load address 0x0810124c
                0x10000000                        . = ALIGN (0x4)
                0x10000000                        _sdata = .
 *(.data)
 *(.data*)
 .data.LED_PORT
                0x10000000        0xc ./Drivers/BSP/STM32H745I_Nucleo/stm32h7xx_nucleo.o
 .data.SystemCoreClock
                0x1000000c        0x4 ./Drivers/CMSIS/system_stm32h7xx.o
                0x1000000c                SystemCoreClock
 .data.SystemD2Clock
                0x10000010        0x4 ./Drivers/CMSIS/system_stm32h7xx.o
                0x10000010                SystemD2Clock
 .data.uwTickPrio
                0x10000014        0x4 ./Drivers/STM32H7xx_HAL_Driver/stm32h7xx_hal.o
                0x10000014                uwTickPrio
 .data.uwTickFreq
                0x10000018        0x1 ./Drivers/STM32H7xx_HAL_Driver/stm32h7xx_hal.o
                0x10000018                uwTickFreq
                0x1000001c                        . = ALIGN (0x4)
 *fill*         0x10000019        0x3 
                0x1000001c                        _edata = .

.igot.plt       0x1000001c        0x0 load address 0x08101268
 .igot.plt      0x1000001c        0x0 C:/ST/STM32CubeIDE_1.15.1/STM32CubeIDE/plugins/com.st.stm32cube.ide.mcu.externaltools.gnu-tools-for-stm32.12.3.rel1.win32_1.1.0.202410251130/tools/bin/../lib/gcc/arm-none-eabi/12.3.1/thumb/v7e-m+fp/hard/crtbegin.o
                0x1000001c                        . = ALIGN (0x4)

.bss            0x1000001c       0x20 load address 0x08101268
                0x1000001c                        _sbss = .
                0x1000001c                        __bss_start__ = _sbss
 *(.bss)
 .bss           0x1000001c       0x1c C:/ST/STM32CubeIDE_1.15.1/STM32CubeIDE/plugins/com.st.stm32cube.ide.mcu.externaltools.gnu-tools-for-stm32.12.3.rel1.win32_1.1.0.202410251130/tools/bin/../lib/gcc/arm-none-eabi/12.3.1/thumb/v7e-m+fp/hard/crtbegin.o
 *(.bss*)
 .bss.uwTick    0x10000038        0x4 ./Drivers/STM32H7xx_HAL_Driver/stm32h7xx_hal.o
                0x10000038                uwTick
 *(COMMON)
                0x1000003c                        . = ALIGN (0x4)
                0x1000003c                        _ebss = .
                0x1000003c                        __bss_end__ = _ebss

._user_heap_stack
                0x1000003c      0x604 load address 0x08101268
                0x10000040                        . = ALIGN (0x8)
 *fill*         0x1000003c        0x4 
                [!provide]                        PROVIDE (end = .)
                0x10000040                        PROVIDE (_end = .)
                0x10000240                        . = (. + _Min_Heap_Size)
 *fill*         0x10000040      0x200 
                0x10000640                        . = (. + _Min_Stack_Size)
 *fill*         0x10000240      0x400 
                0x10000640                        . = ALIGN (0x8)

/DISCARD/
 libc.a(*)
 libm.a(*)
 libgcc.a(*)

.ARM.attributes
                0x00000000       0x30
 *(.ARM.attributes)
 .ARM.attributes
                0x00000000       0x22 C:/ST/STM32CubeIDE_1.15.1/STM32CubeIDE/plugins/com.st.stm32cube.ide.mcu.externaltools.gnu-tools-for-stm32.12.3.rel1.win32_1.1.0.202410251130/tools/bin/../lib/gcc/arm-none-eabi/12.3.1/thumb/v7e-m+fp/hard/crti.o
 .ARM.attributes
                0x00000022       0x34 C:/ST/STM32CubeIDE_1.15.1/STM32CubeIDE/plugins/com.st.stm32cube.ide.mcu.externaltools.gnu-tools-for-stm32.12.3.rel1.win32_1.1.0.202410251130/tools/bin/../lib/gcc/arm-none-eabi/12.3.1/thumb/v7e-m+fp/hard/crtbegin.o
 .ARM.attributes
                0x00000056       0x34 ./Drivers/BSP/STM32H745I_Nucleo/stm32h7xx_nucleo.o
 .ARM.attributes
                0x0000008a       0x34 ./Drivers/CMSIS/system_stm32h7xx.o
 .ARM.attributes
                0x000000be       0x34 ./Drivers/STM32H7xx_HAL_Driver/stm32h7xx_hal.o
 .ARM.attributes
                0x000000f2       0x34 ./Drivers/STM32H7xx_HAL_Driver/stm32h7xx_hal_cortex.o
 .ARM.attributes
                0x00000126       0x34 ./Drivers/STM32H7xx_HAL_Driver/stm32h7xx_hal_gpio.o
 .ARM.attributes
                0x0000015a       0x34 ./Drivers/STM32H7xx_HAL_Driver/stm32h7xx_hal_hsem.o
 .ARM.attributes
                0x0000018e       0x34 ./Drivers/STM32H7xx_HAL_Driver/stm32h7xx_hal_pwr_ex.o
 .ARM.attributes
                0x000001c2       0x34 ./Drivers/STM32H7xx_HAL_Driver/stm32h7xx_hal_rcc.o
 .ARM.attributes
                0x000001f6       0x34 ./Example/User/CM4/main.o
 .ARM.attributes
                0x0000022a       0x34 ./Example/User/CM4/stm32h7xx_it.o
 .ARM.attributes
                0x0000025e       0x21 ./Example/User/Startup/startup_stm32h745zitx.o
 .ARM.attributes
                0x0000027f       0x34 C:/ST/STM32CubeIDE_1.15.1/STM32CubeIDE/plugins/com.st.stm32cube.ide.mcu.externaltools.gnu-tools-for-stm32.12.3.rel1.win32_1.1.0.202410251130/tools/bin/../lib/gcc/arm-none-eabi/12.3.1/../../../../arm-none-eabi/lib/thumb/v7e-m+fp/hard\libc_nano.a(libc_a-init.o)
 .ARM.attributes
                0x000002b3       0x22 C:/ST/STM32CubeIDE_1.15.1/STM32CubeIDE/plugins/com.st.stm32cube.ide.mcu.externaltools.gnu-tools-for-stm32.12.3.rel1.win32_1.1.0.202410251130/tools/bin/../lib/gcc/arm-none-eabi/12.3.1/thumb/v7e-m+fp/hard/crtn.o
OUTPUT(GPIO_EXTI_CM4.elf elf32-littlearm)
LOAD linker stubs
LOAD C:/ST/STM32CubeIDE_1.15.1/STM32CubeIDE/plugins/com.st.stm32cube.ide.mcu.externaltools.gnu-tools-for-stm32.12.3.rel1.win32_1.1.0.202410251130/tools/bin/../lib/gcc/arm-none-eabi/12.3.1/../../../../arm-none-eabi/lib/thumb/v7e-m+fp/hard\libc.a
LOAD C:/ST/STM32CubeIDE_1.15.1/STM32CubeIDE/plugins/com.st.stm32cube.ide.mcu.externaltools.gnu-tools-for-stm32.12.3.rel1.win32_1.1.0.202410251130/tools/bin/../lib/gcc/arm-none-eabi/12.3.1/../../../../arm-none-eabi/lib/thumb/v7e-m+fp/hard\libm.a
LOAD C:/ST/STM32CubeIDE_1.15.1/STM32CubeIDE/plugins/com.st.stm32cube.ide.mcu.externaltools.gnu-tools-for-stm32.12.3.rel1.win32_1.1.0.202410251130/tools/bin/../lib/gcc/arm-none-eabi/12.3.1/thumb/v7e-m+fp/hard\libgcc.a

.debug_info     0x00000000     0x8685
 .debug_info    0x00000000     0x1a0f ./Drivers/BSP/STM32H745I_Nucleo/stm32h7xx_nucleo.o
 .debug_info    0x00001a0f      0x823 ./Drivers/CMSIS/system_stm32h7xx.o
 .debug_info    0x00002232     0x17b0 ./Drivers/STM32H7xx_HAL_Driver/stm32h7xx_hal.o
 .debug_info    0x000039e2      0xf2c ./Drivers/STM32H7xx_HAL_Driver/stm32h7xx_hal_cortex.o
 .debug_info    0x0000490e      0xd06 ./Drivers/STM32H7xx_HAL_Driver/stm32h7xx_hal_gpio.o
 .debug_info    0x00005614      0x3d3 ./Drivers/STM32H7xx_HAL_Driver/stm32h7xx_hal_hsem.o
 .debug_info    0x000059e7     0x1030 ./Drivers/STM32H7xx_HAL_Driver/stm32h7xx_hal_pwr_ex.o
 .debug_info    0x00006a17      0xe67 ./Drivers/STM32H7xx_HAL_Driver/stm32h7xx_hal_rcc.o
 .debug_info    0x0000787e      0xc76 ./Example/User/CM4/main.o
 .debug_info    0x000084f4      0x161 ./Example/User/CM4/stm32h7xx_it.o
 .debug_info    0x00008655       0x30 ./Example/User/Startup/startup_stm32h745zitx.o

.debug_abbrev   0x00000000     0x164f
 .debug_abbrev  0x00000000      0x323 ./Drivers/BSP/STM32H745I_Nucleo/stm32h7xx_nucleo.o
 .debug_abbrev  0x00000323      0x152 ./Drivers/CMSIS/system_stm32h7xx.o
 .debug_abbrev  0x00000475      0x29f ./Drivers/STM32H7xx_HAL_Driver/stm32h7xx_hal.o
 .debug_abbrev  0x00000714      0x337 ./Drivers/STM32H7xx_HAL_Driver/stm32h7xx_hal_cortex.o
 .debug_abbrev  0x00000a4b      0x205 ./Drivers/STM32H7xx_HAL_Driver/stm32h7xx_hal_gpio.o
 .debug_abbrev  0x00000c50      0x1d3 ./Drivers/STM32H7xx_HAL_Driver/stm32h7xx_hal_hsem.o
 .debug_abbrev  0x00000e23      0x2d6 ./Drivers/STM32H7xx_HAL_Driver/stm32h7xx_hal_pwr_ex.o
 .debug_abbrev  0x000010f9      0x2c8 ./Drivers/STM32H7xx_HAL_Driver/stm32h7xx_hal_rcc.o
 .debug_abbrev  0x000013c1      0x1ca ./Example/User/CM4/main.o
 .debug_abbrev  0x0000158b       0xa0 ./Example/User/CM4/stm32h7xx_it.o
 .debug_abbrev  0x0000162b       0x24 ./Example/User/Startup/startup_stm32h745zitx.o

.debug_aranges  0x00000000      0x780
 .debug_aranges
                0x00000000       0xa8 ./Drivers/BSP/STM32H745I_Nucleo/stm32h7xx_nucleo.o
 .debug_aranges
                0x000000a8       0x30 ./Drivers/CMSIS/system_stm32h7xx.o
 .debug_aranges
                0x000000d8      0x200 ./Drivers/STM32H7xx_HAL_Driver/stm32h7xx_hal.o
 .debug_aranges
                0x000002d8      0x130 ./Drivers/STM32H7xx_HAL_Driver/stm32h7xx_hal_cortex.o
 .debug_aranges
                0x00000408       0x58 ./Drivers/STM32H7xx_HAL_Driver/stm32h7xx_hal_gpio.o
 .debug_aranges
                0x00000460       0x70 ./Drivers/STM32H7xx_HAL_Driver/stm32h7xx_hal_hsem.o
 .debug_aranges
                0x000004d0      0x170 ./Drivers/STM32H7xx_HAL_Driver/stm32h7xx_hal_pwr_ex.o
 .debug_aranges
                0x00000640       0x88 ./Drivers/STM32H7xx_HAL_Driver/stm32h7xx_hal_rcc.o
 .debug_aranges
                0x000006c8       0x28 ./Example/User/CM4/main.o
 .debug_aranges
                0x000006f0       0x68 ./Example/User/CM4/stm32h7xx_it.o
 .debug_aranges
                0x00000758       0x28 ./Example/User/Startup/startup_stm32h745zitx.o

.debug_rnglists
                0x00000000      0x586
 .debug_rnglists
                0x00000000       0x7c ./Drivers/BSP/STM32H745I_Nucleo/stm32h7xx_nucleo.o
 .debug_rnglists
                0x0000007c       0x20 ./Drivers/CMSIS/system_stm32h7xx.o
 .debug_rnglists
                0x0000009c      0x181 ./Drivers/STM32H7xx_HAL_Driver/stm32h7xx_hal.o
 .debug_rnglists
                0x0000021d       0xe0 ./Drivers/STM32H7xx_HAL_Driver/stm32h7xx_hal_cortex.o
 .debug_rnglists
                0x000002fd       0x3f ./Drivers/STM32H7xx_HAL_Driver/stm32h7xx_hal_gpio.o
 .debug_rnglists
                0x0000033c       0x4f ./Drivers/STM32H7xx_HAL_Driver/stm32h7xx_hal_hsem.o
 .debug_rnglists
                0x0000038b      0x117 ./Drivers/STM32H7xx_HAL_Driver/stm32h7xx_hal_pwr_ex.o
 .debug_rnglists
                0x000004a2       0x68 ./Drivers/STM32H7xx_HAL_Driver/stm32h7xx_hal_rcc.o
 .debug_rnglists
                0x0000050a       0x1a ./Example/User/CM4/main.o
 .debug_rnglists
                0x00000524       0x49 ./Example/User/CM4/stm32h7xx_it.o
 .debug_rnglists
                0x0000056d       0x19 ./Example/User/Startup/startup_stm32h745zitx.o

.debug_macro    0x00000000    0x3970a
 .debug_macro   0x00000000      0x2d6 ./Drivers/BSP/STM32H745I_Nucleo/stm32h7xx_nucleo.o
 .debug_macro   0x000002d6      0xac6 ./Drivers/BSP/STM32H745I_Nucleo/stm32h7xx_nucleo.o
 .debug_macro   0x00000d9c       0xd9 ./Drivers/BSP/STM32H745I_Nucleo/stm32h7xx_nucleo.o
 .debug_macro   0x00000e75       0x2e ./Drivers/BSP/STM32H745I_Nucleo/stm32h7xx_nucleo.o
 .debug_macro   0x00000ea3       0x3b ./Drivers/BSP/STM32H745I_Nucleo/stm32h7xx_nucleo.o
 .debug_macro   0x00000ede       0x22 ./Drivers/BSP/STM32H745I_Nucleo/stm32h7xx_nucleo.o
 .debug_macro   0x00000f00       0x8e ./Drivers/BSP/STM32H745I_Nucleo/stm32h7xx_nucleo.o
 .debug_macro   0x00000f8e       0x51 ./Drivers/BSP/STM32H745I_Nucleo/stm32h7xx_nucleo.o
 .debug_macro   0x00000fdf      0x103 ./Drivers/BSP/STM32H745I_Nucleo/stm32h7xx_nucleo.o
 .debug_macro   0x000010e2       0x6a ./Drivers/BSP/STM32H745I_Nucleo/stm32h7xx_nucleo.o
 .debug_macro   0x0000114c      0x1df ./Drivers/BSP/STM32H745I_Nucleo/stm32h7xx_nucleo.o
 .debug_macro   0x0000132b       0x1c ./Drivers/BSP/STM32H745I_Nucleo/stm32h7xx_nucleo.o
 .debug_macro   0x00001347       0x22 ./Drivers/BSP/STM32H745I_Nucleo/stm32h7xx_nucleo.o
 .debug_macro   0x00001369       0xfb ./Drivers/BSP/STM32H745I_Nucleo/stm32h7xx_nucleo.o
 .debug_macro   0x00001464     0x1011 ./Drivers/BSP/STM32H745I_Nucleo/stm32h7xx_nucleo.o
 .debug_macro   0x00002475      0x11f ./Drivers/BSP/STM32H745I_Nucleo/stm32h7xx_nucleo.o
 .debug_macro   0x00002594    0x27066 ./Drivers/BSP/STM32H745I_Nucleo/stm32h7xx_nucleo.o
 .debug_macro   0x000295fa       0x6d ./Drivers/BSP/STM32H745I_Nucleo/stm32h7xx_nucleo.o
 .debug_macro   0x00029667     0x3d79 ./Drivers/BSP/STM32H745I_Nucleo/stm32h7xx_nucleo.o
 .debug_macro   0x0002d3e0      0x189 ./Drivers/BSP/STM32H745I_Nucleo/stm32h7xx_nucleo.o
 .debug_macro   0x0002d569       0x61 ./Drivers/BSP/STM32H745I_Nucleo/stm32h7xx_nucleo.o
 .debug_macro   0x0002d5ca       0x2a ./Drivers/BSP/STM32H745I_Nucleo/stm32h7xx_nucleo.o
 .debug_macro   0x0002d5f4       0x43 ./Drivers/BSP/STM32H745I_Nucleo/stm32h7xx_nucleo.o
 .debug_macro   0x0002d637       0x34 ./Drivers/BSP/STM32H745I_Nucleo/stm32h7xx_nucleo.o
 .debug_macro   0x0002d66b       0x16 ./Drivers/BSP/STM32H745I_Nucleo/stm32h7xx_nucleo.o
 .debug_macro   0x0002d681       0x43 ./Drivers/BSP/STM32H745I_Nucleo/stm32h7xx_nucleo.o
 .debug_macro   0x0002d6c4       0x34 ./Drivers/BSP/STM32H745I_Nucleo/stm32h7xx_nucleo.o
 .debug_macro   0x0002d6f8       0x10 ./Drivers/BSP/STM32H745I_Nucleo/stm32h7xx_nucleo.o
 .debug_macro   0x0002d708       0x58 ./Drivers/BSP/STM32H745I_Nucleo/stm32h7xx_nucleo.o
 .debug_macro   0x0002d760       0x8e ./Drivers/BSP/STM32H745I_Nucleo/stm32h7xx_nucleo.o
 .debug_macro   0x0002d7ee       0x1c ./Drivers/BSP/STM32H745I_Nucleo/stm32h7xx_nucleo.o
 .debug_macro   0x0002d80a      0x177 ./Drivers/BSP/STM32H745I_Nucleo/stm32h7xx_nucleo.o
 .debug_macro   0x0002d981      0x369 ./Drivers/BSP/STM32H745I_Nucleo/stm32h7xx_nucleo.o
 .debug_macro   0x0002dcea      0x19b ./Drivers/BSP/STM32H745I_Nucleo/stm32h7xx_nucleo.o
 .debug_macro   0x0002de85       0x5d ./Drivers/BSP/STM32H745I_Nucleo/stm32h7xx_nucleo.o
 .debug_macro   0x0002dee2     0x3a9d ./Drivers/BSP/STM32H745I_Nucleo/stm32h7xx_nucleo.o
 .debug_macro   0x0003197f     0x1072 ./Drivers/BSP/STM32H745I_Nucleo/stm32h7xx_nucleo.o
 .debug_macro   0x000329f1      0x154 ./Drivers/BSP/STM32H745I_Nucleo/stm32h7xx_nucleo.o
 .debug_macro   0x00032b45      0x130 ./Drivers/BSP/STM32H745I_Nucleo/stm32h7xx_nucleo.o
 .debug_macro   0x00032c75      0x3c2 ./Drivers/BSP/STM32H745I_Nucleo/stm32h7xx_nucleo.o
 .debug_macro   0x00033037       0xac ./Drivers/BSP/STM32H745I_Nucleo/stm32h7xx_nucleo.o
 .debug_macro   0x000330e3      0x72d ./Drivers/BSP/STM32H745I_Nucleo/stm32h7xx_nucleo.o
 .debug_macro   0x00033810      0x228 ./Drivers/BSP/STM32H745I_Nucleo/stm32h7xx_nucleo.o
 .debug_macro   0x00033a38       0x66 ./Drivers/BSP/STM32H745I_Nucleo/stm32h7xx_nucleo.o
 .debug_macro   0x00033a9e      0x407 ./Drivers/BSP/STM32H745I_Nucleo/stm32h7xx_nucleo.o
 .debug_macro   0x00033ea5      0x244 ./Drivers/BSP/STM32H745I_Nucleo/stm32h7xx_nucleo.o
 .debug_macro   0x000340e9     0x1044 ./Drivers/BSP/STM32H745I_Nucleo/stm32h7xx_nucleo.o
 .debug_macro   0x0003512d      0x6cc ./Drivers/BSP/STM32H745I_Nucleo/stm32h7xx_nucleo.o
 .debug_macro   0x000357f9      0x383 ./Drivers/BSP/STM32H745I_Nucleo/stm32h7xx_nucleo.o
 .debug_macro   0x00035b7c      0x3ca ./Drivers/BSP/STM32H745I_Nucleo/stm32h7xx_nucleo.o
 .debug_macro   0x00035f46      0x4a2 ./Drivers/BSP/STM32H745I_Nucleo/stm32h7xx_nucleo.o
 .debug_macro   0x000363e8       0x51 ./Drivers/BSP/STM32H745I_Nucleo/stm32h7xx_nucleo.o
 .debug_macro   0x00036439       0x4a ./Drivers/BSP/STM32H745I_Nucleo/stm32h7xx_nucleo.o
 .debug_macro   0x00036483      0x22c ./Drivers/BSP/STM32H745I_Nucleo/stm32h7xx_nucleo.o
 .debug_macro   0x000366af       0x67 ./Drivers/BSP/STM32H745I_Nucleo/stm32h7xx_nucleo.o
 .debug_macro   0x00036716       0xa5 ./Drivers/BSP/STM32H745I_Nucleo/stm32h7xx_nucleo.o
 .debug_macro   0x000367bb      0x218 ./Drivers/BSP/STM32H745I_Nucleo/stm32h7xx_nucleo.o
 .debug_macro   0x000369d3      0x2ea ./Drivers/BSP/STM32H745I_Nucleo/stm32h7xx_nucleo.o
 .debug_macro   0x00036cbd       0x35 ./Drivers/BSP/STM32H745I_Nucleo/stm32h7xx_nucleo.o
 .debug_macro   0x00036cf2      0x693 ./Drivers/BSP/STM32H745I_Nucleo/stm32h7xx_nucleo.o
 .debug_macro   0x00037385       0xa6 ./Drivers/BSP/STM32H745I_Nucleo/stm32h7xx_nucleo.o
 .debug_macro   0x0003742b      0x7a4 ./Drivers/BSP/STM32H745I_Nucleo/stm32h7xx_nucleo.o
 .debug_macro   0x00037bcf       0x28 ./Drivers/BSP/STM32H745I_Nucleo/stm32h7xx_nucleo.o
 .debug_macro   0x00037bf7       0x52 ./Drivers/BSP/STM32H745I_Nucleo/stm32h7xx_nucleo.o
 .debug_macro   0x00037c49      0x137 ./Drivers/BSP/STM32H745I_Nucleo/stm32h7xx_nucleo.o
 .debug_macro   0x00037d80      0x2b5 ./Drivers/CMSIS/system_stm32h7xx.o
 .debug_macro   0x00038035      0x2d9 ./Drivers/STM32H7xx_HAL_Driver/stm32h7xx_hal.o
 .debug_macro   0x0003830e      0x2af ./Drivers/STM32H7xx_HAL_Driver/stm32h7xx_hal_cortex.o
 .debug_macro   0x000385bd      0x2c3 ./Drivers/STM32H7xx_HAL_Driver/stm32h7xx_hal_gpio.o
 .debug_macro   0x00038880      0x2c1 ./Drivers/STM32H7xx_HAL_Driver/stm32h7xx_hal_hsem.o
 .debug_macro   0x00038b41      0x2e8 ./Drivers/STM32H7xx_HAL_Driver/stm32h7xx_hal_pwr_ex.o
 .debug_macro   0x00038e29      0x2d3 ./Drivers/STM32H7xx_HAL_Driver/stm32h7xx_hal_rcc.o
 .debug_macro   0x000390fc      0x2e3 ./Example/User/CM4/main.o
 .debug_macro   0x000393df       0x2e ./Example/User/CM4/main.o
 .debug_macro   0x0003940d       0x10 ./Example/User/CM4/main.o
 .debug_macro   0x0003941d      0x2ed ./Example/User/CM4/stm32h7xx_it.o

.debug_line     0x00000000     0x8a89
 .debug_line    0x00000000      0xd0e ./Drivers/BSP/STM32H745I_Nucleo/stm32h7xx_nucleo.o
 .debug_line    0x00000d0e      0xaa5 ./Drivers/CMSIS/system_stm32h7xx.o
 .debug_line    0x000017b3     0x104c ./Drivers/STM32H7xx_HAL_Driver/stm32h7xx_hal.o
 .debug_line    0x000027ff      0xf25 ./Drivers/STM32H7xx_HAL_Driver/stm32h7xx_hal_cortex.o
 .debug_line    0x00003724      0xdc4 ./Drivers/STM32H7xx_HAL_Driver/stm32h7xx_hal_gpio.o
 .debug_line    0x000044e8      0xab2 ./Drivers/STM32H7xx_HAL_Driver/stm32h7xx_hal_hsem.o
 .debug_line    0x00004f9a     0x112a ./Drivers/STM32H7xx_HAL_Driver/stm32h7xx_hal_pwr_ex.o
 .debug_line    0x000060c4     0x14ba ./Drivers/STM32H7xx_HAL_Driver/stm32h7xx_hal_rcc.o
 .debug_line    0x0000757e      0x9f2 ./Example/User/CM4/main.o
 .debug_line    0x00007f70      0xa9e ./Example/User/CM4/stm32h7xx_it.o
 .debug_line    0x00008a0e       0x7b ./Example/User/Startup/startup_stm32h745zitx.o

.debug_str      0x00000000   0x1869fd
 .debug_str     0x00000000   0x184821 ./Drivers/BSP/STM32H745I_Nucleo/stm32h7xx_nucleo.o
                             0x184f67 (size before relaxing)
 .debug_str     0x00184821      0x1c1 ./Drivers/CMSIS/system_stm32h7xx.o
                             0x18345a (size before relaxing)
 .debug_str     0x001849e2      0xad3 ./Drivers/STM32H7xx_HAL_Driver/stm32h7xx_hal.o
                             0x184774 (size before relaxing)
 .debug_str     0x001854b5      0x3a3 ./Drivers/STM32H7xx_HAL_Driver/stm32h7xx_hal_cortex.o
                             0x183efa (size before relaxing)
 .debug_str     0x00185858      0x141 ./Drivers/STM32H7xx_HAL_Driver/stm32h7xx_hal_gpio.o
                             0x183662 (size before relaxing)
 .debug_str     0x00185999      0x24d ./Drivers/STM32H7xx_HAL_Driver/stm32h7xx_hal_hsem.o
                             0x1832ed (size before relaxing)
 .debug_str     0x00185be6      0x6e1 ./Drivers/STM32H7xx_HAL_Driver/stm32h7xx_hal_pwr_ex.o
                             0x183ab8 (size before relaxing)
 .debug_str     0x001862c7      0x55a ./Drivers/STM32H7xx_HAL_Driver/stm32h7xx_hal_rcc.o
                             0x1839e3 (size before relaxing)
 .debug_str     0x00186821       0x7b ./Example/User/CM4/main.o
                             0x184620 (size before relaxing)
 .debug_str     0x0018689c      0x115 ./Example/User/CM4/stm32h7xx_it.o
                             0x183a55 (size before relaxing)
 .debug_str     0x001869b1       0x4c ./Example/User/Startup/startup_stm32h745zitx.o
                                 0xaa (size before relaxing)

.comment        0x00000000       0x43
 .comment       0x00000000       0x43 ./Drivers/BSP/STM32H745I_Nucleo/stm32h7xx_nucleo.o
                                 0x44 (size before relaxing)
 .comment       0x00000043       0x44 ./Drivers/CMSIS/system_stm32h7xx.o
 .comment       0x00000043       0x44 ./Drivers/STM32H7xx_HAL_Driver/stm32h7xx_hal.o
 .comment       0x00000043       0x44 ./Drivers/STM32H7xx_HAL_Driver/stm32h7xx_hal_cortex.o
 .comment       0x00000043       0x44 ./Drivers/STM32H7xx_HAL_Driver/stm32h7xx_hal_gpio.o
 .comment       0x00000043       0x44 ./Drivers/STM32H7xx_HAL_Driver/stm32h7xx_hal_hsem.o
 .comment       0x00000043       0x44 ./Drivers/STM32H7xx_HAL_Driver/stm32h7xx_hal_pwr_ex.o
 .comment       0x00000043       0x44 ./Drivers/STM32H7xx_HAL_Driver/stm32h7xx_hal_rcc.o
 .comment       0x00000043       0x44 ./Example/User/CM4/main.o
 .comment       0x00000043       0x44 ./Example/User/CM4/stm32h7xx_it.o

.debug_frame    0x00000000     0x1cec
 .debug_frame   0x00000000      0x290 ./Drivers/BSP/STM32H745I_Nucleo/stm32h7xx_nucleo.o
 .debug_frame   0x00000290       0x78 ./Drivers/CMSIS/system_stm32h7xx.o
 .debug_frame   0x00000308      0x848 ./Drivers/STM32H7xx_HAL_Driver/stm32h7xx_hal.o
 .debug_frame   0x00000b50      0x508 ./Drivers/STM32H7xx_HAL_Driver/stm32h7xx_hal_cortex.o
 .debug_frame   0x00001058      0x14c ./Drivers/STM32H7xx_HAL_Driver/stm32h7xx_hal_gpio.o
 .debug_frame   0x000011a4      0x1bc ./Drivers/STM32H7xx_HAL_Driver/stm32h7xx_hal_hsem.o
 .debug_frame   0x00001360      0x5ec ./Drivers/STM32H7xx_HAL_Driver/stm32h7xx_hal_pwr_ex.o
 .debug_frame   0x0000194c      0x1f8 ./Drivers/STM32H7xx_HAL_Driver/stm32h7xx_hal_rcc.o
 .debug_frame   0x00001b44       0x54 ./Example/User/CM4/main.o
 .debug_frame   0x00001b98      0x128 ./Example/User/CM4/stm32h7xx_it.o
 .debug_frame   0x00001cc0       0x2c C:/ST/STM32CubeIDE_1.15.1/STM32CubeIDE/plugins/com.st.stm32cube.ide.mcu.externaltools.gnu-tools-for-stm32.12.3.rel1.win32_1.1.0.202410251130/tools/bin/../lib/gcc/arm-none-eabi/12.3.1/../../../../arm-none-eabi/lib/thumb/v7e-m+fp/hard\libc_nano.a(libc_a-init.o)

.debug_line_str
                0x00000000       0x8e
 .debug_line_str
                0x00000000       0x8e ./Example/User/Startup/startup_stm32h745zitx.o
