E:/git_repos/NUCLEO_H755ZI-Q/ST_Examples/GPIO_EXTI/GPIO_EXTI/GPIO_EXTI/CM7/Src/main.c:50:5:main	7
E:/git_repos/NUCLEO_H755ZI-Q/ST_Examples/GPIO_EXTI/GPIO_EXTI/GPIO_EXTI/CM7/Src/main.c:140:13:SystemClock_Config	4
E:/git_repos/NUCLEO_H755ZI-Q/ST_Examples/GPIO_EXTI/GPIO_EXTI/GPIO_EXTI/CM7/Src/main.c:218:13:CPU_CACHE_Enable	5
E:/git_repos/NUCLEO_H755ZI-Q/ST_Examples/GPIO_EXTI/GPIO_EXTI/GPIO_EXTI/CM7/Src/main.c:232:13:Error_Handler	1
E:/git_repos/NUCLEO_H755ZI-Q/ST_Examples/GPIO_EXTI/GPIO_EXTI/GPIO_EXTI/CM7/Src/main.c:245:6:HAL_GPIO_EXTI_Callback	2
E:/git_repos/NUCLEO_H755ZI-Q/ST_Examples/GPIO_EXTI/GPIO_EXTI/GPIO_EXTI/CM7/Src/main.c:259:13:EXTI15_10_IRQHandler_Config	1
E:/git_repos/NUCLEO_H755ZI-Q/ST_Examples/GPIO_EXTI/GPIO_EXTI/GPIO_EXTI/CM7/Src/main.c:286:13:MPU_Config	1
